Bolotova Ekaterina 5 5 5 5 Dremin Daniil 5 5 5 5 Dremin Kirill 4 5 5 3 Efanova Anna 5 5 5 5 Stepnov Sergey 4 3 5 5
